InferenceResult(954, 0.97890854)
1.) banana
2.) spaghetti squash
3.) lemon
4.) eggnog
5.) butternut squash